2025-11-24 12:00:01,124 [INFO] Starting background worker...
2025-11-24 12:00:02,321 [WARNING] Slow DB query detected (420ms)
2025-11-24 12:00:03,441 [ERROR] Failed to connect to Redis
2025-11-24 12:00:04,663 [INFO] Retrying Redis connection...
2025-11-24 12:00:05,112 [ERROR] Redis connection timeout
2025-11-24 12:00:03,441 [ERROR] Failed to connect to Redis
2025-11-24 12:00:04,663 [INFO] Retrying Redis connection...
2025-11-24 12:00:05,112 [ERROR] Redis connection timeout
2025-11-24 12:00:03,441 [ERROR] Failed to connect to Redis
2025-11-24 12:00:04,663 [INFO] Retrying Redis connection...
2025-11-24 12:00:05,112 [ERROR] Redis connection timeout
2025-11-24 12:00:03,441 [ERROR] Failed to connect to Redis
2025-11-24 12:00:04,663 [INFO] Retrying Redis connection...
2025-11-24 12:00:05,112 [ERROR] Redis connection timeout
2025-11-24 12:00:03,441 [ERROR] Failed to connect to Redis
2025-11-24 12:00:04,663 [INFO] Retrying Redis connection...
2025-11-24 12:00:05,112 [ERROR] Redis connection timeout
2025-11-24 12:00:03,441 [ERROR] Failed to connect to Redis
2025-11-24 12:00:04,663 [INFO] Retrying Redis connection...
2025-11-24 12:00:05,112 [ERROR] Redis connection timeout
2025-11-24 12:00:03,441 [ERROR] Failed to connect to Redis
2025-11-24 12:00:04,663 [INFO] Retrying Redis connection...
2025-11-24 12:00:05,112 [ERROR] Redis connection timeout
2025-11-24 12:00:03,441 [ERROR] Failed to connect to Redis
2025-11-24 12:00:04,663 [INFO] Retrying Redis connection...
2025-11-24 12:00:05,112 [ERROR] Redis connection timeout
2025-11-24 12:00:03,441 [ERROR] Failed to connect to Redis
2025-11-24 12:00:04,663 [INFO] Retrying Redis connection...
2025-11-24 12:00:05,112 [ERROR] Redis connection timeout
2025-11-24 12:00:03,441 [ERROR] Failed to connect to Redis
2025-11-24 12:00:04,663 [INFO] Retrying Redis connection...
2025-11-24 12:00:05,112 [ERROR] Redis connection timeout
2025-11-24 12:00:03,441 [ERROR] Failed to connect to Redis
2025-11-24 12:00:04,663 [INFO] Retrying Redis connection...
2025-11-24 12:00:05,112 [ERROR] Redis connection timeout
2025-11-24 12:00:03,441 [ERROR] Failed to connect to Redis
2025-11-24 12:00:04,663 [INFO] Retrying Redis connection...
2025-11-24 12:00:05,112 [ERROR] Redis connection timeout
2025-11-24 12:00:06,221 [INFO] Background worker stopped.
